// Jest Snapshot v1, https://goo.gl/fbAQLP

exports[`App renders correctly 1`] = `
<DocumentFragment>
  <div
    class="app-container"
  >
    <nav
      class="navbar-container"
    >
      <ul
        class="navbar-container-list"
      >
        <li
          class="navbar-container-list-aboutme"
        >
          <a
            aria-current="page"
            class="active"
            href="/"
          >
            About Me
          </a>
        </li>
        <li
          class="navbar-container-list-projects"
        >
          <a
            class=""
            href="/projects"
          >
            Projects
          </a>
        </li>
        <li
          class="navbar-container-list-contactme"
        >
          <a
            class=""
            href="/contactme"
          >
            Contact Me
          </a>
        </li>
      </ul>
    </nav>
    <div
      class="aboutme-container"
    >
      About Me
      <div
        class="skill-container"
      >
        Skills
      </div>
    </div>
  </div>
</DocumentFragment>
`;
