// Jest Snapshot v1, https://goo.gl/fbAQLP

exports[`ContactMe renders correctly 1`] = `
<DocumentFragment>
  <div
    class="contactme-container"
    id="contactme-section"
  >
    <h2>
      Let's keep in touch! :)
    </h2>
    <div
      class="contactme-container-links"
    >
      <a
        href="https://linkedin.com/in/joshua-kuhn"
        rel="noopener noreferrer"
        target="_blank"
      >
        <img
          alt="linkedin"
          src="icon-linkedin.png"
        />
      </a>
      <a
        href="https://github.com/joshk98"
        rel="noopener noreferrer"
        target="_blank"
      >
        <img
          alt="github"
          src="icon-github.png"
        />
      </a>
      <a
        href="mailto:joshkkuhn@gmail.com"
      >
        <img
          alt="email"
          src="icon-email.png"
        />
      </a>
    </div>
  </div>
</DocumentFragment>
`;
