// Jest Snapshot v1, https://goo.gl/fbAQLP

exports[`ProjectTemplate renders correctly 1`] = `
<DocumentFragment>
  <div
    class="projectcard-container"
  >
    <ul
      class="projectcard-container-list"
    >
      <li
        class="projectcard-container-list-title"
      >
        Title
      </li>
      <li
        class="projectcard-container-list-type"
      >
        Type
      </li>
      <li
        class="projectcard-container-list-image"
      >
        Image
      </li>
      <li
        class="projectcard-container-list-description"
      >
        Description
      </li>
      <li
        class="projectcard-container-list-link"
      >
        Link
      </li>
    </ul>
  </div>
</DocumentFragment>
`;
