// Jest Snapshot v1, https://goo.gl/fbAQLP

exports[`Projects renders correctly 1`] = `
<DocumentFragment>
  <div
    class="projects-container"
  >
    <div
      class="projects-container-search"
    >
      <input
        placeholder="Search by title"
        type="text"
        value=""
      />
    </div>
    <div
      class="projects-container-cards-group"
    >
      <div
        class="projects-container-card"
      >
        <a
          aria-label="Breakout Game"
          class="projects-container-card-title"
          href="https://github.com/joshk98/game-breakout"
          rel="noopener noreferrer"
          target="_blank"
        >
          Breakout Game
        </a>
        <div
          class="projects-container-card-description"
        >
          Breakout is a game made with Phaser.js aaaaaaaaaaaaaaaaaaaaaaaaaaaaaaaaaaaaaaaaaaaaaaaaaaaaaaaaaaaaaaaaaaaaaaa.
        </div>
      </div>
      <div
        class="projects-container-card"
      >
        <a
          aria-label="Gourmet Guide"
          class="projects-container-card-title"
          href="https://github.com/joshk98/gourmet-guide"
          rel="noopener noreferrer"
          target="_blank"
        >
          Gourmet Guide
        </a>
        <div
          class="projects-container-card-description"
        >
          Gourmet Guide is my final project with Command Shift aaaaaaaaaaaaaaaaaaaaaaaaaaaaaaaaaaaaaaaaaaaaaaaaaaaaa.
        </div>
      </div>
    </div>
  </div>
</DocumentFragment>
`;
