// Jest Snapshot v1, https://goo.gl/fbAQLP

exports[`Projects renders correctly 1`] = `
<DocumentFragment>
  <div
    class="projects-container"
  >
    <ul
      class="projects-container-card"
    >
      <li
        class="projects-container-card-title"
      >
        <a
          href="https://github.com/joshk98/gourmet-guide"
          rel="noopener noreferrer"
          target="_blank"
        >
          Gourmet Guide
        </a>
      </li>
      <li
        class="projects-container-card-type"
      >
        App
      </li>
      <li
        class="projects-container-card-image"
      >
        <img
          alt=""
          src=""
        />
      </li>
      <li
        class="projects-container-card-description"
      />
    </ul>
    <ul
      class="projects-container-card"
    >
      <li
        class="projects-container-card-title"
      >
        <a
          href=""
          rel="noopener noreferrer"
          target="_blank"
        >
          Breakout Game
        </a>
      </li>
      <li
        class="projects-container-card-type"
      >
        Game
      </li>
      <li
        class="projects-container-card-image"
      >
        <img
          alt=""
          src=""
        />
      </li>
      <li
        class="projects-container-card-description"
      />
    </ul>
  </div>
</DocumentFragment>
`;
